PS C:\Users\ywalk> mkdir git_challenge
mkdir : 指定された名前 C:\Users\ywalk\git_challenge の項目は既に存在します。
発生場所 行:1 文字:1
+ mkdir git_challenge
+ ~~~~~~~~~~~~~~~~~~~
    + CategoryInfo          : ResourceExists: (C:\Users\ywalk\git_challenge:String) [New-Item],  
   IOException
    + FullyQualifiedErrorId : DirectoryExist,Microsoft.PowerShell.Commands.NewItemCommand
 
PS C:\Users\ywalk> cd git_challenge
PS C:\Users\ywalk\git_challenge> git init
Initialized empty Git repository in C:/Users/ywalk/git_challenge/.git/
PS C:\Users\ywalk\git_challenge> git add hello_world.txt
PS C:\Users\ywalk\git_challenge> git commit -m "First Commit"
[main (root-commit) aee3df1] First Commit
 1 file changed, 1 insertion(+)
 create mode 100644 hello_world.txt
PS C:\Users\ywalk\git_challenge> git status
On branch main
nothing to commit, working tree clean
PS C:\Users\ywalk\git_challenge> git commit -m "Second Commit"
On branch main
nothing to commit, working tree clean
PS C:\Users\ywalk\git_challenge> git commit -m "Second commit"
On branch main
nothing to commit, working tree clean
PS C:\Users\ywalk\git_challenge>
 *  History restored 

PS C:\Users\ywalk\git_challenge> git commit -m "Second commit"
On branch main
Changes not staged for commit:
  (use "git add <file>..." to update what will be committed)
  (use "git restore <file>..." to discard changes in working directory)
        modified:   hello_world.txt

no changes added to commit (use "git add" and/or "git commit -a")
PS C:\Users\ywalk\git_challenge> git add
Nothing specified, nothing added.
hint: Maybe you wanted to say 'git add .'?
hint: Disable this message with "git config advice.addEmptyPathspec false"
PS C:\Users\ywalk\git_challenge> git add hello_world.txt
PS C:\Users\ywalk\git_challenge> git commit -m "second commit"
[main 2204b31] second commit
 1 file changed, 2 insertions(+), 1 deletion(-)
PS C:\Users\ywalk\git_challenge> git log --oneline
2204b31 (HEAD -> main) second commit
aee3df1 First Commit